2026-01-28 22:42:52.790  INFO 27952 --- [Test worker] io.blk.erc20.ControllerIT                : Starting ControllerIT on DSD-TITAN18PRO with PID 27952 (started by alysr in D:\Researches\ReSpecLLM\datasets\datasets\erc20-rest-service)
2026-01-28 22:42:52.790  INFO 27952 --- [Test worker] io.blk.erc20.ControllerIT                : No active profile set, falling back to default profiles: default
2026-01-28 22:42:53.431  INFO 27952 --- [Test worker] o.s.b.w.embedded.tomcat.TomcatWebServer  : Tomcat initialized with port(s): 0 (http)
2026-01-28 22:42:53.444  INFO 27952 --- [Test worker] o.apache.catalina.core.StandardService   : Starting service [Tomcat]
2026-01-28 22:42:53.444  INFO 27952 --- [Test worker] org.apache.catalina.core.StandardEngine  : Starting Servlet engine: [Apache Tomcat/9.0.22]
2026-01-28 22:42:53.526  INFO 27952 --- [Test worker] o.a.c.c.C.[Tomcat].[localhost].[/]       : Initializing Spring embedded WebApplicationContext
2026-01-28 22:42:53.527  INFO 27952 --- [Test worker] o.s.web.context.ContextLoader            : Root WebApplicationContext: initialization completed in 725 ms
2026-01-28 22:42:53.940  INFO 27952 --- [Test worker] pertySourcedRequestMappingHandlerMapping : Mapped URL path [/v2/api-docs] onto method [public org.springframework.http.ResponseEntity<springfox.documentation.spring.web.json.Json> springfox.documentation.swagger2.web.Swagger2Controller.getDocumentation(java.lang.String,javax.servlet.http.HttpServletRequest)]
2026-01-28 22:42:54.118  INFO 27952 --- [Test worker] o.s.s.concurrent.ThreadPoolTaskExecutor  : Initializing ExecutorService 'applicationTaskExecutor'
2026-01-28 22:42:54.263  INFO 27952 --- [Test worker] d.s.w.p.DocumentationPluginsBootstrapper : Context refreshed
2026-01-28 22:42:54.275  INFO 27952 --- [Test worker] d.s.w.p.DocumentationPluginsBootstrapper : Found 1 custom documentation plugin(s)
2026-01-28 22:42:54.290  INFO 27952 --- [Test worker] s.d.s.w.s.ApiListingReferenceScanner     : Scanning for api listing references
2026-01-28 22:42:54.401  INFO 27952 --- [Test worker] o.s.b.w.embedded.tomcat.TomcatWebServer  : Tomcat started on port(s): 1033 (http) with context path ''
2026-01-28 22:42:54.405  INFO 27952 --- [Test worker] io.blk.erc20.ControllerIT                : Started ControllerIT in 1.772 seconds (JVM running for 2.43)
2026-01-28 22:42:54.521 DEBUG 27952 --- [Test worker] org.apache.http.wire                     : http-outgoing-0 >> "GET /config HTTP/1.1[\r][\n]"
2026-01-28 22:42:54.523 DEBUG 27952 --- [Test worker] org.apache.http.wire                     : http-outgoing-0 >> "Accept: application/json, application/*+json[\r][\n]"
2026-01-28 22:42:54.523 DEBUG 27952 --- [Test worker] org.apache.http.wire                     : http-outgoing-0 >> "Host: localhost:1033[\r][\n]"
2026-01-28 22:42:54.523 DEBUG 27952 --- [Test worker] org.apache.http.wire                     : http-outgoing-0 >> "Connection: Keep-Alive[\r][\n]"
2026-01-28 22:42:54.523 DEBUG 27952 --- [Test worker] org.apache.http.wire                     : http-outgoing-0 >> "User-Agent: Apache-HttpClient/4.5.3 (Java/1.8.0_462)[\r][\n]"
2026-01-28 22:42:54.523 DEBUG 27952 --- [Test worker] org.apache.http.wire                     : http-outgoing-0 >> "Accept-Encoding: gzip,deflate[\r][\n]"
2026-01-28 22:42:54.523 DEBUG 27952 --- [Test worker] org.apache.http.wire                     : http-outgoing-0 >> "[\r][\n]"
2026-01-28 22:42:54.560  INFO 27952 --- [http-nio-auto-1-exec-1] o.a.c.c.C.[Tomcat].[localhost].[/]       : Initializing Spring DispatcherServlet 'dispatcherServlet'
2026-01-28 22:42:54.561  INFO 27952 --- [http-nio-auto-1-exec-1] o.s.web.servlet.DispatcherServlet        : Initializing Servlet 'dispatcherServlet'
2026-01-28 22:42:54.573  INFO 27952 --- [http-nio-auto-1-exec-1] o.s.web.servlet.DispatcherServlet        : Completed initialization in 12 ms
2026-01-28 22:42:54.602 DEBUG 27952 --- [Test worker] org.apache.http.wire                     : http-outgoing-0 << "HTTP/1.1 200 [\r][\n]"
2026-01-28 22:42:54.602 DEBUG 27952 --- [Test worker] org.apache.http.wire                     : http-outgoing-0 << "Content-Type: application/json;charset=UTF-8[\r][\n]"
2026-01-28 22:42:54.604 DEBUG 27952 --- [Test worker] org.apache.http.wire                     : http-outgoing-0 << "Transfer-Encoding: chunked[\r][\n]"
2026-01-28 22:42:54.604 DEBUG 27952 --- [Test worker] org.apache.http.wire                     : http-outgoing-0 << "Date: Wed, 28 Jan 2026 14:42:54 GMT[\r][\n]"
2026-01-28 22:42:54.604 DEBUG 27952 --- [Test worker] org.apache.http.wire                     : http-outgoing-0 << "[\r][\n]"
2026-01-28 22:42:54.604 DEBUG 27952 --- [Test worker] org.apache.http.wire                     : http-outgoing-0 << "28[\r][\n]"
2026-01-28 22:42:54.604 DEBUG 27952 --- [Test worker] org.apache.http.wire                     : http-outgoing-0 << "{"nodeEndpoint":null,"fromAddress":null}[\r][\n]"
2026-01-28 22:42:54.616 DEBUG 27952 --- [Test worker] org.apache.http.wire                     : http-outgoing-0 << "0[\r][\n]"
2026-01-28 22:42:54.616 DEBUG 27952 --- [Test worker] org.apache.http.wire                     : http-outgoing-0 << "[\r][\n]"
2026-01-28 22:42:54.624  INFO 27952 --- [Thread-8] o.s.s.concurrent.ThreadPoolTaskExecutor  : Shutting down ExecutorService 'applicationTaskExecutor'
